Component: ARM Compiler 5.05 (build 41) Tool: armlink [4d0eb9]

==============================================================================

Section Cross References

    bluetooth.o(.text) refers to aeabi_sdiv.o(.text) for __aeabi_idivmod
    bluetooth.o(.text) refers to strlen.o(.text) for strlen
    bluetooth.o(.text) refers to bluetooth.o(.bss) for RxBuf
    bluetooth.o(.text) refers to bluetooth.o(.data) for string_count
    leds.o(.text) refers to aeabi_sdiv.o(.text) for __aeabi_idivmod
    leds.o(.text) refers to leds.o(.data) for nextStateDelay
    main.o(.text) refers to bluetooth.o(.text) for bt_sendChar
    main.o(.text) refers to zumo_button.o(.text) for zumo_button_init
    main.o(.text) refers to leds.o(.text) for ledsInitialize
    main.o(.text) refers to zumo_buzzer.o(.text) for zumo_buzzer_init
    main.o(.text) refers to motordriver.o(.text) for motorDriverInit
    main.o(.text) refers to zumo_ledarray.o(.text) for la_init
    main.o(.text) refers to zumo_maze.o(.text) for _delay_ms
    main.o(.text) refers to zumo_maze.o(.bss) for nodeArr
    main.o(.text) refers to main.o(.conststring) for .conststring
    motordriver.o(.text) refers to aeabi_sdiv.o(.text) for __aeabi_idivmod
    motordriver.o(.text) refers to motordriver.o(.data) for CH2_CnV_Busy
    zumo_ledarray.o(.text) refers to aeabi_sdiv.o(.text) for __aeabi_idivmod
    zumo_ledarray.o(.text) refers to zumo_ledarray.o(.data) for cal_flag
    zumo_ledarray.o(.text) refers to zumo_ledarray.o(.bss) for ledArr
    zumo_maze.o(.text) refers to zumo_ledarray.o(.text) for la_startCal
    zumo_maze.o(.text) refers to motordriver.o(.text) for driveRight
    zumo_maze.o(.text) refers to strlen.o(.text) for strlen
    zumo_maze.o(.text) refers to zumo_maze.o(.bss) for nodeArr
    startup_mkl46z4.o(STACK) refers (Special) to heapauxi.o(.text) for __use_two_region_memory
    startup_mkl46z4.o(HEAP) refers (Special) to heapauxi.o(.text) for __use_two_region_memory
    startup_mkl46z4.o(RESET) refers (Special) to heapauxi.o(.text) for __use_two_region_memory
    startup_mkl46z4.o(RESET) refers to startup_mkl46z4.o(STACK) for __initial_sp
    startup_mkl46z4.o(RESET) refers to startup_mkl46z4.o(.text) for Reset_Handler
    startup_mkl46z4.o(RESET) refers to bluetooth.o(.text) for UART2_IRQHandler
    startup_mkl46z4.o(RESET) refers to motordriver.o(.text) for TPM0_IRQHandler
    startup_mkl46z4.o(RESET) refers to zumo_ledarray.o(.text) for LPTimer_IRQHandler
    startup_mkl46z4.o(.ARM.__at_0x400) refers (Special) to heapauxi.o(.text) for __use_two_region_memory
    startup_mkl46z4.o(.text) refers (Special) to heapauxi.o(.text) for __use_two_region_memory
    startup_mkl46z4.o(.text) refers to system_mkl46z4.o(.text) for SystemInit
    startup_mkl46z4.o(.text) refers to __main.o(!!!main) for __main
    startup_mkl46z4.o(.text) refers to startup_mkl46z4.o(HEAP) for Heap_Mem
    startup_mkl46z4.o(.text) refers to startup_mkl46z4.o(STACK) for Stack_Mem
    system_mkl46z4.o(.text) refers to aeabi_sdiv.o(.text) for __aeabi_uidivmod
    system_mkl46z4.o(.text) refers to system_mkl46z4.o(i.__ARM_common_switch8) for __ARM_common_switch8
    system_mkl46z4.o(.text) refers to system_mkl46z4.o(.data) for SystemCoreClock
    __main.o(!!!main) refers to __rtentry.o(.ARM.Collect$$rtentry$$00000000) for __rt_entry
    __rtentry.o(.ARM.Collect$$rtentry$$00000000) refers (Special) to __rtentry2.o(.ARM.Collect$$rtentry$$0000000A) for __rt_entry_li
    __rtentry.o(.ARM.Collect$$rtentry$$00000000) refers (Special) to __rtentry2.o(.ARM.Collect$$rtentry$$0000000D) for __rt_entry_main
    __rtentry.o(.ARM.Collect$$rtentry$$00000000) refers (Special) to __rtentry2.o(.ARM.Collect$$rtentry$$0000000C) for __rt_entry_postli_1
    __rtentry.o(.ARM.Collect$$rtentry$$00000000) refers (Special) to __rtentry2.o(.ARM.Collect$$rtentry$$00000009) for __rt_entry_postsh_1
    __rtentry.o(.ARM.Collect$$rtentry$$00000000) refers (Special) to __rtentry2.o(.ARM.Collect$$rtentry$$00000002) for __rt_entry_presh_1
    __rtentry.o(.ARM.Collect$$rtentry$$00000000) refers (Special) to __rtentry4.o(.ARM.Collect$$rtentry$$00000004) for __rt_entry_sh
    aeabi_idiv0_sigfpe.o(.text) refers to rt_div0.o(.text) for __rt_div0
    __rtentry2.o(.ARM.Collect$$rtentry$$00000008) refers to boardinit2.o(.text) for _platform_post_stackheap_init
    __rtentry2.o(.ARM.Collect$$rtentry$$0000000A) refers to libinit.o(.ARM.Collect$$libinit$$00000000) for __rt_lib_init
    __rtentry2.o(.ARM.Collect$$rtentry$$0000000B) refers to boardinit3.o(.text) for _platform_post_lib_init
    __rtentry2.o(.ARM.Collect$$rtentry$$0000000D) refers to main.o(.text) for main
    __rtentry2.o(.ARM.Collect$$rtentry$$0000000D) refers to exit.o(.text) for exit
    __rtentry2.o(.ARM.exidx) refers to __rtentry2.o(.ARM.Collect$$rtentry$$00000001) for .ARM.Collect$$rtentry$$00000001
    __rtentry2.o(.ARM.exidx) refers to __rtentry2.o(.ARM.Collect$$rtentry$$00000008) for .ARM.Collect$$rtentry$$00000008
    __rtentry2.o(.ARM.exidx) refers to __rtentry2.o(.ARM.Collect$$rtentry$$0000000A) for .ARM.Collect$$rtentry$$0000000A
    __rtentry2.o(.ARM.exidx) refers to __rtentry2.o(.ARM.Collect$$rtentry$$0000000B) for .ARM.Collect$$rtentry$$0000000B
    __rtentry2.o(.ARM.exidx) refers to __rtentry2.o(.ARM.Collect$$rtentry$$0000000D) for .ARM.Collect$$rtentry$$0000000D
    __rtentry4.o(.ARM.Collect$$rtentry$$00000004) refers to sys_stackheap_outer.o(.text) for __user_setup_stackheap
    __rtentry4.o(.ARM.exidx) refers to __rtentry4.o(.ARM.Collect$$rtentry$$00000004) for .ARM.Collect$$rtentry$$00000004
    rt_div0.o(.text) refers to defsig_fpe_outer.o(.text) for __rt_SIGFPE
    sys_stackheap_outer.o(.text) refers to libspace.o(.text) for __user_perproc_libspace
    sys_stackheap_outer.o(.text) refers to startup_mkl46z4.o(.text) for __user_initial_stackheap
    sys_stackheap_outer.o(__vectab_stack_and_reset_area) refers to tempstk.o(.text) for __temporary_stack_top
    sys_stackheap_outer.o(__vectab_stack_and_reset_area) refers to __main.o(!!!main) for __main
    exit.o(.text) refers to rtexit.o(.ARM.Collect$$rtexit$$00000000) for __rt_exit
    defsig_fpe_outer.o(.text) refers to defsig_fpe_inner.o(.text) for __rt_SIGFPE_inner
    defsig_fpe_outer.o(.text) refers to defsig_exit.o(.text) for __sig_exit
    defsig_fpe_formal.o(.text) refers to rt_raise.o(.text) for __rt_raise
    libinit.o(.ARM.Collect$$libinit$$00000000) refers (Special) to libinit2.o(.ARM.Collect$$libinit$$0000002E) for __rt_lib_init_alloca_1
    libinit.o(.ARM.Collect$$libinit$$00000000) refers (Special) to libinit2.o(.ARM.Collect$$libinit$$0000002C) for __rt_lib_init_argv_1
    libinit.o(.ARM.Collect$$libinit$$00000000) refers (Special) to libinit2.o(.ARM.Collect$$libinit$$0000001B) for __rt_lib_init_atexit_1
    libinit.o(.ARM.Collect$$libinit$$00000000) refers (Special) to libinit2.o(.ARM.Collect$$libinit$$00000021) for __rt_lib_init_clock_1
    libinit.o(.ARM.Collect$$libinit$$00000000) refers (Special) to libinit2.o(.ARM.Collect$$libinit$$00000032) for __rt_lib_init_cpp_1
    libinit.o(.ARM.Collect$$libinit$$00000000) refers (Special) to libinit2.o(.ARM.Collect$$libinit$$00000030) for __rt_lib_init_exceptions_1
    libinit.o(.ARM.Collect$$libinit$$00000000) refers (Special) to libinit2.o(.ARM.Collect$$libinit$$00000002) for __rt_lib_init_fp_1
    libinit.o(.ARM.Collect$$libinit$$00000000) refers (Special) to libinit2.o(.ARM.Collect$$libinit$$0000001F) for __rt_lib_init_fp_trap_1
    libinit.o(.ARM.Collect$$libinit$$00000000) refers (Special) to libinit2.o(.ARM.Collect$$libinit$$00000023) for __rt_lib_init_getenv_1
    libinit.o(.ARM.Collect$$libinit$$00000000) refers (Special) to libinit2.o(.ARM.Collect$$libinit$$0000000A) for __rt_lib_init_heap_1
    libinit.o(.ARM.Collect$$libinit$$00000000) refers (Special) to libinit2.o(.ARM.Collect$$libinit$$00000011) for __rt_lib_init_lc_collate_1
    libinit.o(.ARM.Collect$$libinit$$00000000) refers (Special) to libinit2.o(.ARM.Collect$$libinit$$00000013) for __rt_lib_init_lc_ctype_1
    libinit.o(.ARM.Collect$$libinit$$00000000) refers (Special) to libinit2.o(.ARM.Collect$$libinit$$00000015) for __rt_lib_init_lc_monetary_1
    libinit.o(.ARM.Collect$$libinit$$00000000) refers (Special) to libinit2.o(.ARM.Collect$$libinit$$00000017) for __rt_lib_init_lc_numeric_1
    libinit.o(.ARM.Collect$$libinit$$00000000) refers (Special) to libinit2.o(.ARM.Collect$$libinit$$00000019) for __rt_lib_init_lc_time_1
    libinit.o(.ARM.Collect$$libinit$$00000000) refers (Special) to libinit2.o(.ARM.Collect$$libinit$$00000004) for __rt_lib_init_preinit_1
    libinit.o(.ARM.Collect$$libinit$$00000000) refers (Special) to libinit2.o(.ARM.Collect$$libinit$$0000000E) for __rt_lib_init_rand_1
    libinit.o(.ARM.Collect$$libinit$$00000000) refers (Special) to libinit2.o(.ARM.Collect$$libinit$$00000033) for __rt_lib_init_return
    libinit.o(.ARM.Collect$$libinit$$00000000) refers (Special) to libinit2.o(.ARM.Collect$$libinit$$0000001D) for __rt_lib_init_signal_1
    libinit.o(.ARM.Collect$$libinit$$00000000) refers (Special) to libinit2.o(.ARM.Collect$$libinit$$00000025) for __rt_lib_init_stdio_1
    libinit.o(.ARM.Collect$$libinit$$00000000) refers (Special) to libinit2.o(.ARM.Collect$$libinit$$0000000C) for __rt_lib_init_user_alloc_1
    libspace.o(.text) refers to libspace.o(.bss) for __libspace_start
    rtexit.o(.ARM.Collect$$rtexit$$00000000) refers (Special) to rtexit2.o(.ARM.Collect$$rtexit$$00000004) for __rt_exit_exit
    rtexit.o(.ARM.Collect$$rtexit$$00000000) refers (Special) to rtexit2.o(.ARM.Collect$$rtexit$$00000003) for __rt_exit_ls
    rtexit.o(.ARM.Collect$$rtexit$$00000000) refers (Special) to rtexit2.o(.ARM.Collect$$rtexit$$00000002) for __rt_exit_prels_1
    rtexit.o(.ARM.exidx) refers (Special) to rtexit2.o(.ARM.Collect$$rtexit$$00000004) for __rt_exit_exit
    rtexit.o(.ARM.exidx) refers (Special) to rtexit2.o(.ARM.Collect$$rtexit$$00000003) for __rt_exit_ls
    rtexit.o(.ARM.exidx) refers (Special) to rtexit2.o(.ARM.Collect$$rtexit$$00000002) for __rt_exit_prels_1
    rtexit.o(.ARM.exidx) refers to rtexit.o(.ARM.Collect$$rtexit$$00000000) for .ARM.Collect$$rtexit$$00000000
    rt_raise.o(.text) refers to __raise.o(.text) for __raise
    rt_raise.o(.text) refers to sys_exit.o(.text) for _sys_exit
    defsig_exit.o(.text) refers to sys_exit.o(.text) for _sys_exit
    defsig_fpe_inner.o(.text) refers to defsig_general.o(.text) for __default_signal_display
    libinit2.o(.ARM.Collect$$libinit$$00000010) refers to libinit2.o(.ARM.Collect$$libinit$$0000000F) for .ARM.Collect$$libinit$$0000000F
    libinit2.o(.ARM.Collect$$libinit$$00000012) refers to libinit2.o(.ARM.Collect$$libinit$$0000000F) for .ARM.Collect$$libinit$$0000000F
    libinit2.o(.ARM.Collect$$libinit$$00000014) refers to libinit2.o(.ARM.Collect$$libinit$$0000000F) for .ARM.Collect$$libinit$$0000000F
    libinit2.o(.ARM.Collect$$libinit$$00000016) refers to libinit2.o(.ARM.Collect$$libinit$$0000000F) for .ARM.Collect$$libinit$$0000000F
    libinit2.o(.ARM.Collect$$libinit$$00000018) refers to libinit2.o(.ARM.Collect$$libinit$$0000000F) for .ARM.Collect$$libinit$$0000000F
    libinit2.o(.ARM.Collect$$libinit$$00000026) refers to argv_veneer.o(.text) for __ARM_argv_veneer
    libinit2.o(.ARM.Collect$$libinit$$00000027) refers to argv_veneer.o(.text) for __ARM_argv_veneer
    sys_exit.o(.text) refers (Special) to use_no_semi.o(.text) for __I$use$semihosting
    sys_exit.o(.text) refers (Special) to indicate_semi.o(.text) for __semihosting_library_function
    rtexit2.o(.ARM.Collect$$rtexit$$00000003) refers to libshutdown.o(.ARM.Collect$$libshutdown$$00000000) for __rt_lib_shutdown
    rtexit2.o(.ARM.Collect$$rtexit$$00000004) refers to sys_exit.o(.text) for _sys_exit
    rtexit2.o(.ARM.exidx) refers to rtexit2.o(.ARM.Collect$$rtexit$$00000001) for .ARM.Collect$$rtexit$$00000001
    rtexit2.o(.ARM.exidx) refers to rtexit2.o(.ARM.Collect$$rtexit$$00000003) for .ARM.Collect$$rtexit$$00000003
    rtexit2.o(.ARM.exidx) refers to rtexit2.o(.ARM.Collect$$rtexit$$00000004) for .ARM.Collect$$rtexit$$00000004
    __raise.o(.text) refers to defsig.o(CL$$defsig) for __default_signal_handler
    defsig_general.o(.text) refers to sys_wrch.o(.text) for _ttywrch
    sys_wrch.o(.text) refers (Special) to use_no_semi.o(.text) for __I$use$semihosting
    sys_wrch.o(.text) refers (Special) to indicate_semi.o(.text) for __semihosting_library_function
    defsig.o(CL$$defsig) refers to defsig_fpe_inner.o(.text) for __rt_SIGFPE_inner
    defsig.o(CL$$defsig) refers to defsig_rtmem_inner.o(.text) for __rt_SIGRTMEM_inner
    _get_argv_nomalloc.o(.text) refers (Special) to hrguard.o(.text) for __heap_region$guard
    _get_argv_nomalloc.o(.text) refers to defsig_rtmem_outer.o(.text) for __rt_SIGRTMEM
    _get_argv_nomalloc.o(.text) refers to sys_command.o(.text) for _sys_command_string
    libshutdown.o(.ARM.Collect$$libshutdown$$00000000) refers (Special) to libshutdown2.o(.ARM.Collect$$libshutdown$$00000006) for __rt_lib_shutdown_fp_trap_1
    libshutdown.o(.ARM.Collect$$libshutdown$$00000000) refers (Special) to libshutdown2.o(.ARM.Collect$$libshutdown$$0000000E) for __rt_lib_shutdown_heap_1
    libshutdown.o(.ARM.Collect$$libshutdown$$00000000) refers (Special) to libshutdown2.o(.ARM.Collect$$libshutdown$$0000000F) for __rt_lib_shutdown_return
    libshutdown.o(.ARM.Collect$$libshutdown$$00000000) refers (Special) to libshutdown2.o(.ARM.Collect$$libshutdown$$00000009) for __rt_lib_shutdown_signal_1
    libshutdown.o(.ARM.Collect$$libshutdown$$00000000) refers (Special) to libshutdown2.o(.ARM.Collect$$libshutdown$$00000003) for __rt_lib_shutdown_stdio_1
    libshutdown.o(.ARM.Collect$$libshutdown$$00000000) refers (Special) to libshutdown2.o(.ARM.Collect$$libshutdown$$0000000B) for __rt_lib_shutdown_user_alloc_1
    sys_command.o(.text) refers (Special) to use_no_semi.o(.text) for __I$use$semihosting
    sys_command.o(.text) refers (Special) to indicate_semi.o(.text) for __semihosting_library_function
    defsig_abrt_inner.o(.text) refers to defsig_general.o(.text) for __default_signal_display
    defsig_rtred_inner.o(.text) refers to defsig_general.o(.text) for __default_signal_display
    defsig_rtmem_inner.o(.text) refers to defsig_general.o(.text) for __default_signal_display
    defsig_rtmem_outer.o(.text) refers to defsig_rtmem_inner.o(.text) for __rt_SIGRTMEM_inner
    defsig_rtmem_outer.o(.text) refers to defsig_exit.o(.text) for __sig_exit
    defsig_rtmem_formal.o(.text) refers to rt_raise.o(.text) for __rt_raise
    defsig_stak_inner.o(.text) refers to defsig_general.o(.text) for __default_signal_display
    defsig_pvfn_inner.o(.text) refers to defsig_general.o(.text) for __default_signal_display
    defsig_cppl_inner.o(.text) refers to defsig_general.o(.text) for __default_signal_display
    defsig_segv_inner.o(.text) refers to defsig_general.o(.text) for __default_signal_display
    defsig_other.o(.text) refers to defsig_general.o(.text) for __default_signal_display


==============================================================================

Removing Unused input sections from the image.

    Removing bluetooth.o(.rev16_text), (4 bytes).
    Removing bluetooth.o(.revsh_text), (4 bytes).
    Removing leds.o(.rev16_text), (4 bytes).
    Removing leds.o(.revsh_text), (4 bytes).
    Removing leds.o(.constdata), (15 bytes).
    Removing main.o(.rev16_text), (4 bytes).
    Removing main.o(.revsh_text), (4 bytes).
    Removing motordriver.o(.rev16_text), (4 bytes).
    Removing motordriver.o(.revsh_text), (4 bytes).
    Removing zumo_button.o(.rev16_text), (4 bytes).
    Removing zumo_button.o(.revsh_text), (4 bytes).
    Removing zumo_buzzer.o(.rev16_text), (4 bytes).
    Removing zumo_buzzer.o(.revsh_text), (4 bytes).
    Removing zumo_ledarray.o(.rev16_text), (4 bytes).
    Removing zumo_ledarray.o(.revsh_text), (4 bytes).
    Removing zumo_maze.o(.rev16_text), (4 bytes).
    Removing zumo_maze.o(.revsh_text), (4 bytes).
    Removing system_mkl46z4.o(.rev16_text), (4 bytes).
    Removing system_mkl46z4.o(.revsh_text), (4 bytes).

19 unused section(s) (total 87 bytes) removed from the image.

==============================================================================

Image Symbol Table

    Local Symbols

    Symbol Name                              Value     Ov Type        Size  Object(Section)

    RESET                                    0x00000000   Section      192  startup_mkl46z4.o(RESET)
    ../clib/angel/boardlib.s                 0x00000000   Number         0  boardinit2.o ABSOLUTE
    ../clib/angel/boardlib.s                 0x00000000   Number         0  boardinit3.o ABSOLUTE
    ../clib/angel/boardlib.s                 0x00000000   Number         0  boardinit1.o ABSOLUTE
    ../clib/angel/boardlib.s                 0x00000000   Number         0  boardshut.o ABSOLUTE
    ../clib/angel/handlers.s                 0x00000000   Number         0  __scatter_zi.o ABSOLUTE
    ../clib/angel/handlers.s                 0x00000000   Number         0  __scatter_copy.o ABSOLUTE
    ../clib/angel/kernel.s                   0x00000000   Number         0  rtexit.o ABSOLUTE
    ../clib/angel/kernel.s                   0x00000000   Number         0  __rtentry4.o ABSOLUTE
    ../clib/angel/kernel.s                   0x00000000   Number         0  __rtentry2.o ABSOLUTE
    ../clib/angel/kernel.s                   0x00000000   Number         0  rtexit2.o ABSOLUTE
    ../clib/angel/kernel.s                   0x00000000   Number         0  __rtentry.o ABSOLUTE
    ../clib/angel/rt.s                       0x00000000   Number         0  rt_div0.o ABSOLUTE
    ../clib/angel/rt.s                       0x00000000   Number         0  aeabi_idiv0_sigfpe.o ABSOLUTE
    ../clib/angel/rt.s                       0x00000000   Number         0  aeabi_idiv0.o ABSOLUTE
    ../clib/angel/rt.s                       0x00000000   Number         0  rt_raise.o ABSOLUTE
    ../clib/angel/scatterp.s                 0x00000000   Number         0  __scatter.o ABSOLUTE
    ../clib/angel/startup.s                  0x00000000   Number         0  __main.o ABSOLUTE
    ../clib/angel/sys.s                      0x00000000   Number         0  tempstk.o ABSOLUTE
    ../clib/angel/sys.s                      0x00000000   Number         0  libspace.o ABSOLUTE
    ../clib/angel/sys.s                      0x00000000   Number         0  sys_stackheap_outer.o ABSOLUTE
    ../clib/angel/sys.s                      0x00000000   Number         0  indicate_semi.o ABSOLUTE
    ../clib/angel/sys.s                      0x00000000   Number         0  use_no_semi.o ABSOLUTE
    ../clib/angel/sysapp.c                   0x00000000   Number         0  sys_command.o ABSOLUTE
    ../clib/angel/sysapp.c                   0x00000000   Number         0  sys_exit.o ABSOLUTE
    ../clib/angel/sysapp.c                   0x00000000   Number         0  sys_wrch.o ABSOLUTE
    ../clib/armsys.c                         0x00000000   Number         0  _get_argv_nomalloc.o ABSOLUTE
    ../clib/armsys.c                         0x00000000   Number         0  no_argv.o ABSOLUTE
    ../clib/armsys.c                         0x00000000   Number         0  argv_veneer.o ABSOLUTE
    ../clib/division.s                       0x00000000   Number         0  aeabi_sdiv_div0.o ABSOLUTE
    ../clib/division.s                       0x00000000   Number         0  aeabi_sdiv.o ABSOLUTE
    ../clib/heapalloc.c                      0x00000000   Number         0  hrguard.o ABSOLUTE
    ../clib/heapaux.c                        0x00000000   Number         0  heapauxi.o ABSOLUTE
    ../clib/libinit.s                        0x00000000   Number         0  libshutdown.o ABSOLUTE
    ../clib/libinit.s                        0x00000000   Number         0  libshutdown2.o ABSOLUTE
    ../clib/libinit.s                        0x00000000   Number         0  libinit2.o ABSOLUTE
    ../clib/libinit.s                        0x00000000   Number         0  libinit.o ABSOLUTE
    ../clib/signal.c                         0x00000000   Number         0  defsig_general.o ABSOLUTE
    ../clib/signal.c                         0x00000000   Number         0  defsig_fpe_outer.o ABSOLUTE
    ../clib/signal.c                         0x00000000   Number         0  defsig_abrt_inner.o ABSOLUTE
    ../clib/signal.c                         0x00000000   Number         0  defsig_rtmem_inner.o ABSOLUTE
    ../clib/signal.c                         0x00000000   Number         0  defsig_rtred_inner.o ABSOLUTE
    ../clib/signal.c                         0x00000000   Number         0  defsig_rtmem_outer.o ABSOLUTE
    ../clib/signal.c                         0x00000000   Number         0  defsig_rtmem_formal.o ABSOLUTE
    ../clib/signal.c                         0x00000000   Number         0  defsig_segv_inner.o ABSOLUTE
    ../clib/signal.c                         0x00000000   Number         0  defsig_stak_inner.o ABSOLUTE
    ../clib/signal.c                         0x00000000   Number         0  defsig_pvfn_inner.o ABSOLUTE
    ../clib/signal.c                         0x00000000   Number         0  defsig_cppl_inner.o ABSOLUTE
    ../clib/signal.c                         0x00000000   Number         0  defsig_fpe_formal.o ABSOLUTE
    ../clib/signal.c                         0x00000000   Number         0  __raise.o ABSOLUTE
    ../clib/signal.c                         0x00000000   Number         0  defsig_other.o ABSOLUTE
    ../clib/signal.c                         0x00000000   Number         0  defsig_fpe_inner.o ABSOLUTE
    ../clib/signal.c                         0x00000000   Number         0  defsig_exit.o ABSOLUTE
    ../clib/signal.s                         0x00000000   Number         0  defsig.o ABSOLUTE
    ../clib/stdlib.c                         0x00000000   Number         0  exit.o ABSOLUTE
    ../clib/string.c                         0x00000000   Number         0  strlen.o ABSOLUTE
    ../fplib/cfplib/fpinit.c                 0x00000000   Number         0  fpinit.o ABSOLUTE
    RTE\Device\MKL46Z256xxx4\startup_MKL46Z4.s 0x00000000   Number         0  startup_mkl46z4.o ABSOLUTE
    RTE\Device\MKL46Z256xxx4\system_MKL46Z4.c 0x00000000   Number         0  system_mkl46z4.o ABSOLUTE
    RTE\\Device\\MKL46Z256xxx4\\system_MKL46Z4.c 0x00000000   Number         0  system_mkl46z4.o ABSOLUTE
    bluetooth.c                              0x00000000   Number         0  bluetooth.o ABSOLUTE
    bluetooth.c                              0x00000000   Number         0  bluetooth.o ABSOLUTE
    dc.s                                     0x00000000   Number         0  dc.o ABSOLUTE
    leds.c                                   0x00000000   Number         0  leds.o ABSOLUTE
    leds.c                                   0x00000000   Number         0  leds.o ABSOLUTE
    main.c                                   0x00000000   Number         0  main.o ABSOLUTE
    main.c                                   0x00000000   Number         0  main.o ABSOLUTE
    motorDriver.c                            0x00000000   Number         0  motordriver.o ABSOLUTE
    motorDriver.c                            0x00000000   Number         0  motordriver.o ABSOLUTE
    zumo_button.c                            0x00000000   Number         0  zumo_button.o ABSOLUTE
    zumo_button.c                            0x00000000   Number         0  zumo_button.o ABSOLUTE
    zumo_buzzer.c                            0x00000000   Number         0  zumo_buzzer.o ABSOLUTE
    zumo_buzzer.c                            0x00000000   Number         0  zumo_buzzer.o ABSOLUTE
    zumo_ledArray.c                          0x00000000   Number         0  zumo_ledarray.o ABSOLUTE
    zumo_ledArray.c                          0x00000000   Number         0  zumo_ledarray.o ABSOLUTE
    zumo_maze.c                              0x00000000   Number         0  zumo_maze.o ABSOLUTE
    zumo_maze.c                              0x00000000   Number         0  zumo_maze.o ABSOLUTE
    !!!main                                  0x000000c0   Section        8  __main.o(!!!main)
    !!!scatter                               0x000000c8   Section       60  __scatter.o(!!!scatter)
    !!handler_copy                           0x00000104   Section       26  __scatter_copy.o(!!handler_copy)
    !!handler_zi                             0x00000120   Section       28  __scatter_zi.o(!!handler_zi)
    .ARM.Collect$$libinit$$00000000          0x0000013c   Section        2  libinit.o(.ARM.Collect$$libinit$$00000000)
    .ARM.Collect$$libinit$$00000002          0x0000013e   Section        0  libinit2.o(.ARM.Collect$$libinit$$00000002)
    .ARM.Collect$$libinit$$00000004          0x0000013e   Section        0  libinit2.o(.ARM.Collect$$libinit$$00000004)
    .ARM.Collect$$libinit$$0000000A          0x0000013e   Section        0  libinit2.o(.ARM.Collect$$libinit$$0000000A)
    .ARM.Collect$$libinit$$0000000C          0x0000013e   Section        0  libinit2.o(.ARM.Collect$$libinit$$0000000C)
    .ARM.Collect$$libinit$$0000000E          0x0000013e   Section        0  libinit2.o(.ARM.Collect$$libinit$$0000000E)
    .ARM.Collect$$libinit$$00000011          0x0000013e   Section        0  libinit2.o(.ARM.Collect$$libinit$$00000011)
    .ARM.Collect$$libinit$$00000013          0x0000013e   Section        0  libinit2.o(.ARM.Collect$$libinit$$00000013)
    .ARM.Collect$$libinit$$00000015          0x0000013e   Section        0  libinit2.o(.ARM.Collect$$libinit$$00000015)
    .ARM.Collect$$libinit$$00000017          0x0000013e   Section        0  libinit2.o(.ARM.Collect$$libinit$$00000017)
    .ARM.Collect$$libinit$$00000019          0x0000013e   Section        0  libinit2.o(.ARM.Collect$$libinit$$00000019)
    .ARM.Collect$$libinit$$0000001B          0x0000013e   Section        0  libinit2.o(.ARM.Collect$$libinit$$0000001B)
    .ARM.Collect$$libinit$$0000001D          0x0000013e   Section        0  libinit2.o(.ARM.Collect$$libinit$$0000001D)
    .ARM.Collect$$libinit$$0000001F          0x0000013e   Section        0  libinit2.o(.ARM.Collect$$libinit$$0000001F)
    .ARM.Collect$$libinit$$00000021          0x0000013e   Section        0  libinit2.o(.ARM.Collect$$libinit$$00000021)
    .ARM.Collect$$libinit$$00000023          0x0000013e   Section        0  libinit2.o(.ARM.Collect$$libinit$$00000023)
    .ARM.Collect$$libinit$$00000025          0x0000013e   Section        0  libinit2.o(.ARM.Collect$$libinit$$00000025)
    .ARM.Collect$$libinit$$0000002C          0x0000013e   Section        0  libinit2.o(.ARM.Collect$$libinit$$0000002C)
    .ARM.Collect$$libinit$$0000002E          0x0000013e   Section        0  libinit2.o(.ARM.Collect$$libinit$$0000002E)
    .ARM.Collect$$libinit$$00000030          0x0000013e   Section        0  libinit2.o(.ARM.Collect$$libinit$$00000030)
    .ARM.Collect$$libinit$$00000032          0x0000013e   Section        0  libinit2.o(.ARM.Collect$$libinit$$00000032)
    .ARM.Collect$$libinit$$00000033          0x0000013e   Section        2  libinit2.o(.ARM.Collect$$libinit$$00000033)
    .ARM.Collect$$libshutdown$$00000000      0x00000140   Section        2  libshutdown.o(.ARM.Collect$$libshutdown$$00000000)
    .ARM.Collect$$libshutdown$$00000003      0x00000142   Section        0  libshutdown2.o(.ARM.Collect$$libshutdown$$00000003)
    .ARM.Collect$$libshutdown$$00000006      0x00000142   Section        0  libshutdown2.o(.ARM.Collect$$libshutdown$$00000006)
    .ARM.Collect$$libshutdown$$00000009      0x00000142   Section        0  libshutdown2.o(.ARM.Collect$$libshutdown$$00000009)
    .ARM.Collect$$libshutdown$$0000000B      0x00000142   Section        0  libshutdown2.o(.ARM.Collect$$libshutdown$$0000000B)
    .ARM.Collect$$libshutdown$$0000000E      0x00000142   Section        0  libshutdown2.o(.ARM.Collect$$libshutdown$$0000000E)
    .ARM.Collect$$libshutdown$$0000000F      0x00000142   Section        2  libshutdown2.o(.ARM.Collect$$libshutdown$$0000000F)
    .ARM.Collect$$rtentry$$00000000          0x00000144   Section        0  __rtentry.o(.ARM.Collect$$rtentry$$00000000)
    .ARM.Collect$$rtentry$$00000002          0x00000144   Section        0  __rtentry2.o(.ARM.Collect$$rtentry$$00000002)
    .ARM.Collect$$rtentry$$00000004          0x00000144   Section        6  __rtentry4.o(.ARM.Collect$$rtentry$$00000004)
    .ARM.Collect$$rtentry$$00000009          0x0000014a   Section        0  __rtentry2.o(.ARM.Collect$$rtentry$$00000009)
    .ARM.Collect$$rtentry$$0000000A          0x0000014a   Section        4  __rtentry2.o(.ARM.Collect$$rtentry$$0000000A)
    .ARM.Collect$$rtentry$$0000000C          0x0000014e   Section        0  __rtentry2.o(.ARM.Collect$$rtentry$$0000000C)
    .ARM.Collect$$rtentry$$0000000D          0x0000014e   Section        8  __rtentry2.o(.ARM.Collect$$rtentry$$0000000D)
    .ARM.Collect$$rtexit$$00000000           0x00000156   Section        2  rtexit.o(.ARM.Collect$$rtexit$$00000000)
    .ARM.Collect$$rtexit$$00000002           0x00000158   Section        0  rtexit2.o(.ARM.Collect$$rtexit$$00000002)
    .ARM.Collect$$rtexit$$00000003           0x00000158   Section        4  rtexit2.o(.ARM.Collect$$rtexit$$00000003)
    .ARM.Collect$$rtexit$$00000004           0x0000015c   Section        6  rtexit2.o(.ARM.Collect$$rtexit$$00000004)
    .text                                    0x00000164   Section        0  zumo_button.o(.text)
    .text                                    0x000001bc   Section        0  zumo_buzzer.o(.text)
    .text                                    0x000003b8   Section       52  startup_mkl46z4.o(.text)
    .text                                    0x000003ec   Section        0  heapauxi.o(.text)
    .text                                    0x000003f2   Section        0  exit.o(.text)
    .text                                    0x000003fe   Section        2  use_no_semi.o(.text)
    .ARM.__at_0x400                          0x00000400   Section       16  startup_mkl46z4.o(.ARM.__at_0x400)
    .text                                    0x00000410   Section        0  bluetooth.o(.text)
    NVIC_ClearPendingIRQ                     0x0000075f   Thumb Code    14  bluetooth.o(.text)
    NVIC_SetPriority                         0x0000076d   Thumb Code   110  bluetooth.o(.text)
    .text                                    0x00000804   Section        0  leds.o(.text)
    .text                                    0x00000ad8   Section        0  main.o(.text)
    .text                                    0x00000d9c   Section        0  motordriver.o(.text)
    .text                                    0x00001090   Section        0  zumo_ledarray.o(.text)
    NVIC_EnableIRQ                           0x00001633   Thumb Code    14  zumo_ledarray.o(.text)
    NVIC_ClearPendingIRQ                     0x00001641   Thumb Code    14  zumo_ledarray.o(.text)
    .text                                    0x00001678   Section        0  zumo_maze.o(.text)
    .text                                    0x00001c50   Section        0  system_mkl46z4.o(.text)
    .text                                    0x00001e78   Section        0  strlen.o(.text)
    .text                                    0x00001ebc   Section      346  aeabi_sdiv.o(.text)
    .text                                    0x00002016   Section       62  sys_stackheap_outer.o(.text)
    .text                                    0x00002054   Section        8  libspace.o(.text)
    .text                                    0x0000205c   Section        0  sys_exit.o(.text)
    .text                                    0x00002068   Section        0  indicate_semi.o(.text)
    i.__ARM_common_switch8                   0x00002068   Section        0  system_mkl46z4.o(i.__ARM_common_switch8)
    .conststring                             0x00002084   Section       67  main.o(.conststring)
    .data                                    0x1fffe000   Section        2  bluetooth.o(.data)
    .data                                    0x1fffe004   Section        9  leds.o(.data)
    .data                                    0x1fffe00d   Section        2  motordriver.o(.data)
    .data                                    0x1fffe00f   Section        4  zumo_ledarray.o(.data)
    .data                                    0x1fffe014   Section        4  system_mkl46z4.o(.data)
    .bss                                     0x1fffe018   Section      512  bluetooth.o(.bss)
    .bss                                     0x1fffe218   Section       36  zumo_ledarray.o(.bss)
    .bss                                     0x1fffe23c   Section      304  zumo_maze.o(.bss)
    temp                                     0x1fffe308   Data         100  zumo_maze.o(.bss)
    .bss                                     0x1fffe36c   Section       96  libspace.o(.bss)
    HEAP                                     0x1fffe3d0   Section        0  startup_mkl46z4.o(HEAP)
    STACK                                    0x1fffe3d0   Section      256  startup_mkl46z4.o(STACK)
    Heap_Mem                                 0x1fffe3d0   Data           0  startup_mkl46z4.o(HEAP)
    Stack_Mem                                0x1fffe3d0   Data         256  startup_mkl46z4.o(STACK)
    __initial_sp                             0x1fffe4d0   Data           0  startup_mkl46z4.o(STACK)

    Global Symbols

    Symbol Name                              Value     Ov Type        Size  Object(Section)

    BuildAttributes$$THM_ISAv3M$S$PE$A:L22$X:L11$S22$IEEE1$IW$USESV6$~STKCKD$USESV7$~SHL$OSPACE$ROPI$EBA8$UX$STANDARDLIB$REQ8$PRES8$EABIv2 0x00000000   Number         0  anon$$obj.o ABSOLUTE
    __ARM_use_no_argv                        0x00000000   Number         0  main.o ABSOLUTE
    __Vectors                                0x00000000   Data           4  startup_mkl46z4.o(RESET)
    __ARM_exceptions_init                     - Undefined Weak Reference
    __alloca_initialize                       - Undefined Weak Reference
    __arm_preinit_                            - Undefined Weak Reference
    __cpp_initialize__aeabi_                  - Undefined Weak Reference
    __cxa_finalize                            - Undefined Weak Reference
    __rt_locale                               - Undefined Weak Reference
    __sigvec_lookup                           - Undefined Weak Reference
    _atexit_init                              - Undefined Weak Reference
    _call_atexit_fns                          - Undefined Weak Reference
    _clock_init                               - Undefined Weak Reference
    _fp_trap_init                             - Undefined Weak Reference
    _fp_trap_shutdown                         - Undefined Weak Reference
    _get_lc_collate                           - Undefined Weak Reference
    _get_lc_ctype                             - Undefined Weak Reference
    _get_lc_monetary                          - Undefined Weak Reference
    _get_lc_numeric                           - Undefined Weak Reference
    _get_lc_time                              - Undefined Weak Reference
    _getenv_init                              - Undefined Weak Reference
    _handle_redirection                       - Undefined Weak Reference
    _init_alloc                               - Undefined Weak Reference
    _init_user_alloc                          - Undefined Weak Reference
    _initio                                   - Undefined Weak Reference
    _rand_init                                - Undefined Weak Reference
    _signal_finish                            - Undefined Weak Reference
    _signal_init                              - Undefined Weak Reference
    _terminate_alloc                          - Undefined Weak Reference
    _terminate_user_alloc                     - Undefined Weak Reference
    _terminateio                              - Undefined Weak Reference
    __Vectors_End                            0x000000c0   Data           0  startup_mkl46z4.o(RESET)
    __Vectors_Size                           0x000000c0   Number         0  startup_mkl46z4.o ABSOLUTE
    __main                                   0x000000c1   Thumb Code     8  __main.o(!!!main)
    __scatterload                            0x000000c9   Thumb Code     0  __scatter.o(!!!scatter)
    __scatterload_rt2                        0x000000c9   Thumb Code    52  __scatter.o(!!!scatter)
    __scatterload_rt2_thumb_only             0x000000c9   Thumb Code     0  __scatter.o(!!!scatter)
    __scatterload_null                       0x000000d9   Thumb Code     0  __scatter.o(!!!scatter)
    __scatterload_copy                       0x00000105   Thumb Code    26  __scatter_copy.o(!!handler_copy)
    __scatterload_zeroinit                   0x00000121   Thumb Code    28  __scatter_zi.o(!!handler_zi)
    __rt_lib_init                            0x0000013d   Thumb Code     0  libinit.o(.ARM.Collect$$libinit$$00000000)
    __rt_lib_init_alloca_1                   0x0000013f   Thumb Code     0  libinit2.o(.ARM.Collect$$libinit$$0000002E)
    __rt_lib_init_argv_1                     0x0000013f   Thumb Code     0  libinit2.o(.ARM.Collect$$libinit$$0000002C)
    __rt_lib_init_atexit_1                   0x0000013f   Thumb Code     0  libinit2.o(.ARM.Collect$$libinit$$0000001B)
    __rt_lib_init_clock_1                    0x0000013f   Thumb Code     0  libinit2.o(.ARM.Collect$$libinit$$00000021)
    __rt_lib_init_cpp_1                      0x0000013f   Thumb Code     0  libinit2.o(.ARM.Collect$$libinit$$00000032)
    __rt_lib_init_exceptions_1               0x0000013f   Thumb Code     0  libinit2.o(.ARM.Collect$$libinit$$00000030)
    __rt_lib_init_fp_1                       0x0000013f   Thumb Code     0  libinit2.o(.ARM.Collect$$libinit$$00000002)
    __rt_lib_init_fp_trap_1                  0x0000013f   Thumb Code     0  libinit2.o(.ARM.Collect$$libinit$$0000001F)
    __rt_lib_init_getenv_1                   0x0000013f   Thumb Code     0  libinit2.o(.ARM.Collect$$libinit$$00000023)
    __rt_lib_init_heap_1                     0x0000013f   Thumb Code     0  libinit2.o(.ARM.Collect$$libinit$$0000000A)
    __rt_lib_init_lc_collate_1               0x0000013f   Thumb Code     0  libinit2.o(.ARM.Collect$$libinit$$00000011)
    __rt_lib_init_lc_ctype_1                 0x0000013f   Thumb Code     0  libinit2.o(.ARM.Collect$$libinit$$00000013)
    __rt_lib_init_lc_monetary_1              0x0000013f   Thumb Code     0  libinit2.o(.ARM.Collect$$libinit$$00000015)
    __rt_lib_init_lc_numeric_1               0x0000013f   Thumb Code     0  libinit2.o(.ARM.Collect$$libinit$$00000017)
    __rt_lib_init_lc_time_1                  0x0000013f   Thumb Code     0  libinit2.o(.ARM.Collect$$libinit$$00000019)
    __rt_lib_init_preinit_1                  0x0000013f   Thumb Code     0  libinit2.o(.ARM.Collect$$libinit$$00000004)
    __rt_lib_init_rand_1                     0x0000013f   Thumb Code     0  libinit2.o(.ARM.Collect$$libinit$$0000000E)
    __rt_lib_init_return                     0x0000013f   Thumb Code     0  libinit2.o(.ARM.Collect$$libinit$$00000033)
    __rt_lib_init_signal_1                   0x0000013f   Thumb Code     0  libinit2.o(.ARM.Collect$$libinit$$0000001D)
    __rt_lib_init_stdio_1                    0x0000013f   Thumb Code     0  libinit2.o(.ARM.Collect$$libinit$$00000025)
    __rt_lib_init_user_alloc_1               0x0000013f   Thumb Code     0  libinit2.o(.ARM.Collect$$libinit$$0000000C)
    __rt_lib_shutdown                        0x00000141   Thumb Code     0  libshutdown.o(.ARM.Collect$$libshutdown$$00000000)
    __rt_lib_shutdown_fp_trap_1              0x00000143   Thumb Code     0  libshutdown2.o(.ARM.Collect$$libshutdown$$00000006)
    __rt_lib_shutdown_heap_1                 0x00000143   Thumb Code     0  libshutdown2.o(.ARM.Collect$$libshutdown$$0000000E)
    __rt_lib_shutdown_return                 0x00000143   Thumb Code     0  libshutdown2.o(.ARM.Collect$$libshutdown$$0000000F)
    __rt_lib_shutdown_signal_1               0x00000143   Thumb Code     0  libshutdown2.o(.ARM.Collect$$libshutdown$$00000009)
    __rt_lib_shutdown_stdio_1                0x00000143   Thumb Code     0  libshutdown2.o(.ARM.Collect$$libshutdown$$00000003)
    __rt_lib_shutdown_user_alloc_1           0x00000143   Thumb Code     0  libshutdown2.o(.ARM.Collect$$libshutdown$$0000000B)
    __rt_entry                               0x00000145   Thumb Code     0  __rtentry.o(.ARM.Collect$$rtentry$$00000000)
    __rt_entry_presh_1                       0x00000145   Thumb Code     0  __rtentry2.o(.ARM.Collect$$rtentry$$00000002)
    __rt_entry_sh                            0x00000145   Thumb Code     0  __rtentry4.o(.ARM.Collect$$rtentry$$00000004)
    __rt_entry_li                            0x0000014b   Thumb Code     0  __rtentry2.o(.ARM.Collect$$rtentry$$0000000A)
    __rt_entry_postsh_1                      0x0000014b   Thumb Code     0  __rtentry2.o(.ARM.Collect$$rtentry$$00000009)
    __rt_entry_main                          0x0000014f   Thumb Code     0  __rtentry2.o(.ARM.Collect$$rtentry$$0000000D)
    __rt_entry_postli_1                      0x0000014f   Thumb Code     0  __rtentry2.o(.ARM.Collect$$rtentry$$0000000C)
    __rt_exit                                0x00000157   Thumb Code     0  rtexit.o(.ARM.Collect$$rtexit$$00000000)
    __rt_exit_ls                             0x00000159   Thumb Code     0  rtexit2.o(.ARM.Collect$$rtexit$$00000003)
    __rt_exit_prels_1                        0x00000159   Thumb Code     0  rtexit2.o(.ARM.Collect$$rtexit$$00000002)
    __rt_exit_exit                           0x0000015d   Thumb Code     0  rtexit2.o(.ARM.Collect$$rtexit$$00000004)
    zumo_button_init                         0x00000165   Thumb Code    54  zumo_button.o(.text)
    zumo_button_pressed                      0x0000019b   Thumb Code    20  zumo_button.o(.text)
    zumo_buzzer_init                         0x000001bd   Thumb Code    50  zumo_buzzer.o(.text)
    zb_WRC_start                             0x000001ef   Thumb Code   296  zumo_buzzer.o(.text)
    zb_doubleBeep                            0x00000317   Thumb Code   136  zumo_buzzer.o(.text)
    Reset_Handler                            0x000003b9   Thumb Code     8  startup_mkl46z4.o(.text)
    NMI_Handler                              0x000003c1   Thumb Code     2  startup_mkl46z4.o(.text)
    HardFault_Handler                        0x000003c3   Thumb Code     2  startup_mkl46z4.o(.text)
    SVC_Handler                              0x000003c5   Thumb Code     2  startup_mkl46z4.o(.text)
    PendSV_Handler                           0x000003c7   Thumb Code     2  startup_mkl46z4.o(.text)
    SysTick_Handler                          0x000003c9   Thumb Code     2  startup_mkl46z4.o(.text)
    ADC0_IRQHandler                          0x000003cb   Thumb Code     0  startup_mkl46z4.o(.text)
    CMP0_IRQHandler                          0x000003cb   Thumb Code     0  startup_mkl46z4.o(.text)
    DAC0_IRQHandler                          0x000003cb   Thumb Code     0  startup_mkl46z4.o(.text)
    DMA0_IRQHandler                          0x000003cb   Thumb Code     0  startup_mkl46z4.o(.text)
    DMA1_IRQHandler                          0x000003cb   Thumb Code     0  startup_mkl46z4.o(.text)
    DMA2_IRQHandler                          0x000003cb   Thumb Code     0  startup_mkl46z4.o(.text)
    DMA3_IRQHandler                          0x000003cb   Thumb Code     0  startup_mkl46z4.o(.text)
    DefaultISR                               0x000003cb   Thumb Code     0  startup_mkl46z4.o(.text)
    FTFA_IRQHandler                          0x000003cb   Thumb Code     0  startup_mkl46z4.o(.text)
    I2C0_IRQHandler                          0x000003cb   Thumb Code     0  startup_mkl46z4.o(.text)
    I2C1_IRQHandler                          0x000003cb   Thumb Code     0  startup_mkl46z4.o(.text)
    I2S0_IRQHandler                          0x000003cb   Thumb Code     0  startup_mkl46z4.o(.text)
    LCD_IRQHandler                           0x000003cb   Thumb Code     0  startup_mkl46z4.o(.text)
    LLW_IRQHandler                           0x000003cb   Thumb Code     0  startup_mkl46z4.o(.text)
    LVD_LVW_IRQHandler                       0x000003cb   Thumb Code     0  startup_mkl46z4.o(.text)
    MCG_IRQHandler                           0x000003cb   Thumb Code     0  startup_mkl46z4.o(.text)
    PIT_IRQHandler                           0x000003cb   Thumb Code     0  startup_mkl46z4.o(.text)
    RTC_IRQHandler                           0x000003cb   Thumb Code     0  startup_mkl46z4.o(.text)
    RTC_Seconds_IRQHandler                   0x000003cb   Thumb Code     0  startup_mkl46z4.o(.text)
    Reserved20_IRQHandler                    0x000003cb   Thumb Code     0  startup_mkl46z4.o(.text)
    SPI0_IRQHandler                          0x000003cb   Thumb Code     0  startup_mkl46z4.o(.text)
    SPI1_IRQHandler                          0x000003cb   Thumb Code     0  startup_mkl46z4.o(.text)
    TPM1_IRQHandler                          0x000003cb   Thumb Code     0  startup_mkl46z4.o(.text)
    TPM2_IRQHandler                          0x000003cb   Thumb Code     0  startup_mkl46z4.o(.text)
    TSI0_IRQHandler                          0x000003cb   Thumb Code     0  startup_mkl46z4.o(.text)
    UART0_IRQHandler                         0x000003cb   Thumb Code     0  startup_mkl46z4.o(.text)
    UART1_IRQHandler                         0x000003cb   Thumb Code     0  startup_mkl46z4.o(.text)
    USB0_IRQHandler                          0x000003cb   Thumb Code     0  startup_mkl46z4.o(.text)
    __user_initial_stackheap                 0x000003cd   Thumb Code     0  startup_mkl46z4.o(.text)
    __use_two_region_memory                  0x000003ed   Thumb Code     2  heapauxi.o(.text)
    __rt_heap_escrow$2region                 0x000003ef   Thumb Code     2  heapauxi.o(.text)
    __rt_heap_expand$2region                 0x000003f1   Thumb Code     2  heapauxi.o(.text)
    exit                                     0x000003f3   Thumb Code    12  exit.o(.text)
    __I$use$semihosting                      0x000003ff   Thumb Code     0  use_no_semi.o(.text)
    __use_no_semihosting_swi                 0x000003ff   Thumb Code     2  use_no_semi.o(.text)
    from_UART_buffer                         0x00000411   Thumb Code    54  bluetooth.o(.text)
    buf_empty                                0x00000447   Thumb Code    18  bluetooth.o(.text)
    overwrite_UART_buffer                    0x00000459   Thumb Code   102  bluetooth.o(.text)
    to_UART_buffer                           0x000004bf   Thumb Code    46  bluetooth.o(.text)
    buf_full                                 0x000004ed   Thumb Code    18  bluetooth.o(.text)
    UART2_IRQHandler                         0x000004ff   Thumb Code   136  bluetooth.o(.text)
    buf_clear                                0x00000587   Thumb Code    32  bluetooth.o(.text)
    bt_init                                  0x000005a7   Thumb Code   228  bluetooth.o(.text)
    bt_sendChar                              0x0000068b   Thumb Code    76  bluetooth.o(.text)
    bt_sendStr                               0x000006d7   Thumb Code    40  bluetooth.o(.text)
    bt_getChar                               0x000006ff   Thumb Code    58  bluetooth.o(.text)
    bt_getStr                                0x00000739   Thumb Code    38  bluetooth.o(.text)
    ledsInitialize                           0x00000805   Thumb Code   304  leds.o(.text)
    ledGreenOn                               0x00000935   Thumb Code    14  leds.o(.text)
    ledGreenOff                              0x00000943   Thumb Code    14  leds.o(.text)
    ledRedOn                                 0x00000951   Thumb Code    20  leds.o(.text)
    ledRedOff                                0x00000965   Thumb Code    20  leds.o(.text)
    ledsOff                                  0x00000979   Thumb Code    32  leds.o(.text)
    ledsOn                                   0x00000999   Thumb Code    32  leds.o(.text)
    phaseA                                   0x000009b9   Thumb Code    26  leds.o(.text)
    phaseB                                   0x000009d3   Thumb Code    26  leds.o(.text)
    phaseC                                   0x000009ed   Thumb Code    20  leds.o(.text)
    startStopFSM                             0x00000a01   Thumb Code    14  leds.o(.text)
    nextLedState                             0x00000a0f   Thumb Code    86  leds.o(.text)
    ledsService1ms                           0x00000a65   Thumb Code    44  leds.o(.text)
    fastSlowFSM                              0x00000a91   Thumb Code    14  leds.o(.text)
    changeDirLED                             0x00000a9f   Thumb Code    14  leds.o(.text)
    sendArrayState                           0x00000ad9   Thumb Code    52  main.o(.text)
    sendRoute                                0x00000b0d   Thumb Code    28  main.o(.text)
    main                                     0x00000b29   Thumb Code   368  main.o(.text)
    TPM0_IRQHandler                          0x00000d9d   Thumb Code    54  motordriver.o(.text)
    motorDriverInit                          0x00000dd3   Thumb Code   282  motordriver.o(.text)
    driveForwardLeftTrack                    0x00000eed   Thumb Code    52  motordriver.o(.text)
    driveForwardRightTrack                   0x00000f21   Thumb Code    56  motordriver.o(.text)
    driveStopLeft                            0x00000f59   Thumb Code    24  motordriver.o(.text)
    driveStopRight                           0x00000f71   Thumb Code    24  motordriver.o(.text)
    driveStop                                0x00000f89   Thumb Code    38  motordriver.o(.text)
    driveReverseLeftTrack                    0x00000faf   Thumb Code    52  motordriver.o(.text)
    driveReverseRightTrack                   0x00000fe3   Thumb Code    56  motordriver.o(.text)
    driveLeft                                0x0000101b   Thumb Code    18  motordriver.o(.text)
    driveRight                               0x0000102d   Thumb Code    18  motordriver.o(.text)
    driveForward                             0x0000103f   Thumb Code    18  motordriver.o(.text)
    driveReverse                             0x00001051   Thumb Code    18  motordriver.o(.text)
    la_pins_as_outputs_and_high              0x00001091   Thumb Code   174  zumo_ledarray.o(.text)
    la_pins_init                             0x0000113f   Thumb Code   268  zumo_ledarray.o(.text)
    la_init                                  0x0000124b   Thumb Code    62  zumo_ledarray.o(.text)
    la_startCal                              0x00001289   Thumb Code     8  zumo_ledarray.o(.text)
    la_stopCal                               0x00001291   Thumb Code     8  zumo_ledarray.o(.text)
    la_pins_as_inputs                        0x00001299   Thumb Code   130  zumo_ledarray.o(.text)
    lptimer_reload                           0x0000131b   Thumb Code    30  zumo_ledarray.o(.text)
    la_getLptmrCNR                           0x00001339   Thumb Code    16  zumo_ledarray.o(.text)
    la_calibrateMinMax                       0x00001349   Thumb Code    80  zumo_ledarray.o(.text)
    la_getPercentageReflectance              0x00001399   Thumb Code    78  zumo_ledarray.o(.text)
    la_calculateSensorState                  0x000013e7   Thumb Code    84  zumo_ledarray.o(.text)
    la_getSensorState                        0x0000143b   Thumb Code    16  zumo_ledarray.o(.text)
    LPTimer_IRQHandler                       0x0000144b   Thumb Code    30  zumo_ledarray.o(.text)
    PORTA_IRQHandler                         0x00001469   Thumb Code   204  zumo_ledarray.o(.text)
    PORTC_PORTD_IRQHandler                   0x00001535   Thumb Code   254  zumo_ledarray.o(.text)
    zm_clearArray                            0x00001679   Thumb Code    24  zumo_maze.o(.text)
    _delay_ms                                0x00001691   Thumb Code    16  zumo_maze.o(.text)
    zm_calibration                           0x000016a1   Thumb Code    42  zumo_maze.o(.text)
    zm_driveToNode                           0x000016cb   Thumb Code   256  zumo_maze.o(.text)
    zm_checkNode                             0x000017cb   Thumb Code   194  zumo_maze.o(.text)
    zm_addReaction                           0x0000188d   Thumb Code    20  zumo_maze.o(.text)
    zm_nodeReaction                          0x000018a1   Thumb Code   226  zumo_maze.o(.text)
    zm_getReaction                           0x00001983   Thumb Code    20  zumo_maze.o(.text)
    zm_routeOptimizer                        0x00001997   Thumb Code   270  zumo_maze.o(.text)
    zm_strictNodeReaction                    0x00001aa5   Thumb Code   418  zumo_maze.o(.text)
    SystemInit                               0x00001c51   Thumb Code   180  system_mkl46z4.o(.text)
    SystemCoreClockUpdate                    0x00001d05   Thumb Code   322  system_mkl46z4.o(.text)
    strlen                                   0x00001e79   Thumb Code    62  strlen.o(.text)
    __aeabi_uidiv                            0x00001ebd   Thumb Code     0  aeabi_sdiv.o(.text)
    __aeabi_uidivmod                         0x00001ebd   Thumb Code    20  aeabi_sdiv.o(.text)
    __aeabi_idiv                             0x00001ed1   Thumb Code     0  aeabi_sdiv.o(.text)
    __aeabi_idivmod                          0x00001ed1   Thumb Code   326  aeabi_sdiv.o(.text)
    __user_setup_stackheap                   0x00002017   Thumb Code    62  sys_stackheap_outer.o(.text)
    __user_libspace                          0x00002055   Thumb Code     8  libspace.o(.text)
    __user_perproc_libspace                  0x00002055   Thumb Code     0  libspace.o(.text)
    __user_perthread_libspace                0x00002055   Thumb Code     0  libspace.o(.text)
    _sys_exit                                0x0000205d   Thumb Code     8  sys_exit.o(.text)
    __ARM_common_switch8                     0x00002069   Thumb Code    28  system_mkl46z4.o(i.__ARM_common_switch8)
    __semihosting_library_function           0x00002069   Thumb Code     0  indicate_semi.o(.text)
    Region$$Table$$Base                      0x000020c8   Number         0  anon$$obj.o(Region$$Table)
    Region$$Table$$Limit                     0x000020e8   Number         0  anon$$obj.o(Region$$Table)
    string_count                             0x1fffe000   Data           2  bluetooth.o(.data)
    slowFSM                                  0x1fffe004   Data           1  leds.o(.data)
    skipPhase                                0x1fffe005   Data           1  leds.o(.data)
    startFSM                                 0x1fffe006   Data           1  leds.o(.data)
    phase                                    0x1fffe007   Data           1  leds.o(.data)
    nextStateDelay                           0x1fffe008   Data           4  leds.o(.data)
    dirLED                                   0x1fffe00c   Data           1  leds.o(.data)
    CH2_CnV_Busy                             0x1fffe00d   Data           1  motordriver.o(.data)
    CH4_CnV_Busy                             0x1fffe00e   Data           1  motordriver.o(.data)
    la_state                                 0x1fffe00f   Data           1  zumo_ledarray.o(.data)
    measured                                 0x1fffe010   Data           1  zumo_ledarray.o(.data)
    cal_flag                                 0x1fffe011   Data           1  zumo_ledarray.o(.data)
    valid_data                               0x1fffe012   Data           1  zumo_ledarray.o(.data)
    SystemCoreClock                          0x1fffe014   Data           4  system_mkl46z4.o(.data)
    RxBuf                                    0x1fffe018   Data         256  bluetooth.o(.bss)
    TxBuf                                    0x1fffe118   Data         256  bluetooth.o(.bss)
    ledArr                                   0x1fffe218   Data          36  zumo_ledarray.o(.bss)
    nodeArr                                  0x1fffe23c   Data         102  zumo_maze.o(.bss)
    optimizedNodeArr                         0x1fffe2a2   Data         102  zumo_maze.o(.bss)
    __libspace_start                         0x1fffe36c   Data          96  libspace.o(.bss)
    __temporary_stack_top$libspace           0x1fffe3cc   Data           0  libspace.o(.bss)



==============================================================================

Memory Map of the image

  Image Entry point : 0x000003b9

  Load Region LR_1 (Base: 0x00000000, Size: 0x00002100, Max: 0xffffffff, ABSOLUTE)

    Execution Region ER_RO (Base: 0x00000000, Size: 0x000020e8, Max: 0xffffffff, ABSOLUTE)

    Base Addr    Size         Type   Attr      Idx    E Section Name        Object

    0x00000000   0x000000c0   Data   RO          246    RESET               startup_mkl46z4.o
    0x000000c0   0x00000008   Code   RO          292  * !!!main             c_p.l(__main.o)
    0x000000c8   0x0000003c   Code   RO          460    !!!scatter          c_p.l(__scatter.o)
    0x00000104   0x0000001a   Code   RO          462    !!handler_copy      c_p.l(__scatter_copy.o)
    0x0000011e   0x00000002   PAD
    0x00000120   0x0000001c   Code   RO          464    !!handler_zi        c_p.l(__scatter_zi.o)
    0x0000013c   0x00000002   Code   RO          330    .ARM.Collect$$libinit$$00000000  c_p.l(libinit.o)
    0x0000013e   0x00000000   Code   RO          344    .ARM.Collect$$libinit$$00000002  c_p.l(libinit2.o)
    0x0000013e   0x00000000   Code   RO          346    .ARM.Collect$$libinit$$00000004  c_p.l(libinit2.o)
    0x0000013e   0x00000000   Code   RO          349    .ARM.Collect$$libinit$$0000000A  c_p.l(libinit2.o)
    0x0000013e   0x00000000   Code   RO          351    .ARM.Collect$$libinit$$0000000C  c_p.l(libinit2.o)
    0x0000013e   0x00000000   Code   RO          353    .ARM.Collect$$libinit$$0000000E  c_p.l(libinit2.o)
    0x0000013e   0x00000000   Code   RO          356    .ARM.Collect$$libinit$$00000011  c_p.l(libinit2.o)
    0x0000013e   0x00000000   Code   RO          358    .ARM.Collect$$libinit$$00000013  c_p.l(libinit2.o)
    0x0000013e   0x00000000   Code   RO          360    .ARM.Collect$$libinit$$00000015  c_p.l(libinit2.o)
    0x0000013e   0x00000000   Code   RO          362    .ARM.Collect$$libinit$$00000017  c_p.l(libinit2.o)
    0x0000013e   0x00000000   Code   RO          364    .ARM.Collect$$libinit$$00000019  c_p.l(libinit2.o)
    0x0000013e   0x00000000   Code   RO          366    .ARM.Collect$$libinit$$0000001B  c_p.l(libinit2.o)
    0x0000013e   0x00000000   Code   RO          368    .ARM.Collect$$libinit$$0000001D  c_p.l(libinit2.o)
    0x0000013e   0x00000000   Code   RO          370    .ARM.Collect$$libinit$$0000001F  c_p.l(libinit2.o)
    0x0000013e   0x00000000   Code   RO          372    .ARM.Collect$$libinit$$00000021  c_p.l(libinit2.o)
    0x0000013e   0x00000000   Code   RO          374    .ARM.Collect$$libinit$$00000023  c_p.l(libinit2.o)
    0x0000013e   0x00000000   Code   RO          376    .ARM.Collect$$libinit$$00000025  c_p.l(libinit2.o)
    0x0000013e   0x00000000   Code   RO          380    .ARM.Collect$$libinit$$0000002C  c_p.l(libinit2.o)
    0x0000013e   0x00000000   Code   RO          382    .ARM.Collect$$libinit$$0000002E  c_p.l(libinit2.o)
    0x0000013e   0x00000000   Code   RO          384    .ARM.Collect$$libinit$$00000030  c_p.l(libinit2.o)
    0x0000013e   0x00000000   Code   RO          386    .ARM.Collect$$libinit$$00000032  c_p.l(libinit2.o)
    0x0000013e   0x00000002   Code   RO          387    .ARM.Collect$$libinit$$00000033  c_p.l(libinit2.o)
    0x00000140   0x00000002   Code   RO          418    .ARM.Collect$$libshutdown$$00000000  c_p.l(libshutdown.o)
    0x00000142   0x00000000   Code   RO          445    .ARM.Collect$$libshutdown$$00000003  c_p.l(libshutdown2.o)
    0x00000142   0x00000000   Code   RO          448    .ARM.Collect$$libshutdown$$00000006  c_p.l(libshutdown2.o)
    0x00000142   0x00000000   Code   RO          451    .ARM.Collect$$libshutdown$$00000009  c_p.l(libshutdown2.o)
    0x00000142   0x00000000   Code   RO          453    .ARM.Collect$$libshutdown$$0000000B  c_p.l(libshutdown2.o)
    0x00000142   0x00000000   Code   RO          456    .ARM.Collect$$libshutdown$$0000000E  c_p.l(libshutdown2.o)
    0x00000142   0x00000002   Code   RO          457    .ARM.Collect$$libshutdown$$0000000F  c_p.l(libshutdown2.o)
    0x00000144   0x00000000   Code   RO          294    .ARM.Collect$$rtentry$$00000000  c_p.l(__rtentry.o)
    0x00000144   0x00000000   Code   RO          300    .ARM.Collect$$rtentry$$00000002  c_p.l(__rtentry2.o)
    0x00000144   0x00000006   Code   RO          312    .ARM.Collect$$rtentry$$00000004  c_p.l(__rtentry4.o)
    0x0000014a   0x00000000   Code   RO          302    .ARM.Collect$$rtentry$$00000009  c_p.l(__rtentry2.o)
    0x0000014a   0x00000004   Code   RO          303    .ARM.Collect$$rtentry$$0000000A  c_p.l(__rtentry2.o)
    0x0000014e   0x00000000   Code   RO          305    .ARM.Collect$$rtentry$$0000000C  c_p.l(__rtentry2.o)
    0x0000014e   0x00000008   Code   RO          306    .ARM.Collect$$rtentry$$0000000D  c_p.l(__rtentry2.o)
    0x00000156   0x00000002   Code   RO          335    .ARM.Collect$$rtexit$$00000000  c_p.l(rtexit.o)
    0x00000158   0x00000000   Code   RO          391    .ARM.Collect$$rtexit$$00000002  c_p.l(rtexit2.o)
    0x00000158   0x00000004   Code   RO          392    .ARM.Collect$$rtexit$$00000003  c_p.l(rtexit2.o)
    0x0000015c   0x00000006   Code   RO          393    .ARM.Collect$$rtexit$$00000004  c_p.l(rtexit2.o)
    0x00000162   0x00000002   PAD
    0x00000164   0x00000058   Code   RO          156    .text               zumo_button.o
    0x000001bc   0x000001fc   Code   RO          176    .text               zumo_buzzer.o
    0x000003b8   0x00000034   Code   RO          248  * .text               startup_mkl46z4.o
    0x000003ec   0x00000006   Code   RO          290    .text               c_p.l(heapauxi.o)
    0x000003f2   0x0000000c   Code   RO          319    .text               c_p.l(exit.o)
    0x000003fe   0x00000002   Code   RO          407    .text               c_p.l(use_no_semi.o)
    0x00000400   0x00000010   Code   RO          247    .ARM.__at_0x400     startup_mkl46z4.o
    0x00000410   0x000003f4   Code   RO            3    .text               bluetooth.o
    0x00000804   0x000002d4   Code   RO           55    .text               leds.o
    0x00000ad8   0x000002c4   Code   RO           85    .text               main.o
    0x00000d9c   0x000002f4   Code   RO          130    .text               motordriver.o
    0x00001090   0x000005e8   Code   RO          196    .text               zumo_ledarray.o
    0x00001678   0x000005d8   Code   RO          220    .text               zumo_maze.o
    0x00001c50   0x00000228   Code   RO          256    .text               system_mkl46z4.o
    0x00001e78   0x00000044   Code   RO          284    .text               c_p.l(strlen.o)
    0x00001ebc   0x0000015a   Code   RO          286    .text               c_p.l(aeabi_sdiv.o)
    0x00002016   0x0000003e   Code   RO          316    .text               c_p.l(sys_stackheap_outer.o)
    0x00002054   0x00000008   Code   RO          331    .text               c_p.l(libspace.o)
    0x0000205c   0x0000000c   Code   RO          388    .text               c_p.l(sys_exit.o)
    0x00002068   0x00000000   Code   RO          409    .text               c_p.l(indicate_semi.o)
    0x00002068   0x0000001c   Code   RO          274    i.__ARM_common_switch8  system_mkl46z4.o
    0x00002084   0x00000043   Data   RO           86    .conststring        main.o
    0x000020c7   0x00000001   PAD
    0x000020c8   0x00000020   Data   RO          458    Region$$Table       anon$$obj.o


    Execution Region ER_RW (Base: 0x1fffe000, Size: 0x00000018, Max: 0xffffffff, ABSOLUTE)

    Base Addr    Size         Type   Attr      Idx    E Section Name        Object

    0x1fffe000   0x00000002   Data   RW            5    .data               bluetooth.o
    0x1fffe002   0x00000002   PAD
    0x1fffe004   0x00000009   Data   RW           57    .data               leds.o
    0x1fffe00d   0x00000002   Data   RW          131    .data               motordriver.o
    0x1fffe00f   0x00000004   Data   RW          198    .data               zumo_ledarray.o
    0x1fffe013   0x00000001   PAD
    0x1fffe014   0x00000004   Data   RW          257    .data               system_mkl46z4.o


    Execution Region ER_ZI (Base: 0x1fffe018, Size: 0x000004b8, Max: 0xffffffff, ABSOLUTE)

    Base Addr    Size         Type   Attr      Idx    E Section Name        Object

    0x1fffe018   0x00000200   Zero   RW            4    .bss                bluetooth.o
    0x1fffe218   0x00000024   Zero   RW          197    .bss                zumo_ledarray.o
    0x1fffe23c   0x00000130   Zero   RW          221    .bss                zumo_maze.o
    0x1fffe36c   0x00000060   Zero   RW          332    .bss                c_p.l(libspace.o)
    0x1fffe3cc   0x00000004   PAD
    0x1fffe3d0   0x00000000   Zero   RW          245    HEAP                startup_mkl46z4.o
    0x1fffe3d0   0x00000100   Zero   RW          244    STACK               startup_mkl46z4.o


==============================================================================

Image component sizes


      Code (inc. data)   RO Data    RW Data    ZI Data      Debug   Object Name

      1012         42          0          2        512     151489   bluetooth.o
       724         44          0          9          0       3569   leds.o
       708        260         67          0          0       1708   main.o
       756         46          0          2          0       9242   motordriver.o
        68         38        192          0        256       1012   startup_mkl46z4.o
       580         60          0          4          0       1461   system_mkl46z4.o
        88         14          0          0          0        643   zumo_button.o
       508         26          0          0          0       1142   zumo_buzzer.o
      1512         86          0          4         36       4273   zumo_ledarray.o
      1496         22          0          0        304       5970   zumo_maze.o

    ----------------------------------------------------------------------
      7452        638        292         24       1108     180509   Object Totals
         0          0         32          0          0          0   (incl. Generated)
         0          0          1          3          0          0   (incl. Padding)

    ----------------------------------------------------------------------

      Code (inc. data)   RO Data    RW Data    ZI Data      Debug   Library Member Name

         8          0          0          0          0         68   __main.o
         0          0          0          0          0          0   __rtentry.o
        12          0          0          0          0          0   __rtentry2.o
         6          0          0          0          0          0   __rtentry4.o
        60          8          0          0          0          0   __scatter.o
        26          0          0          0          0          0   __scatter_copy.o
        28          0          0          0          0          0   __scatter_zi.o
       346          0          0          0          0         92   aeabi_sdiv.o
        12          0          0          0          0         64   exit.o
         6          0          0          0          0        136   heapauxi.o
         0          0          0          0          0          0   indicate_semi.o
         2          0          0          0          0          0   libinit.o
         2          0          0          0          0          0   libinit2.o
         2          0          0          0          0          0   libshutdown.o
         2          0          0          0          0          0   libshutdown2.o
         8          4          0          0         96         68   libspace.o
         2          0          0          0          0          0   rtexit.o
        10          0          0          0          0          0   rtexit2.o
        68          6          0          0          0         72   strlen.o
        12          4          0          0          0         60   sys_exit.o
        62          0          0          0          0         80   sys_stackheap_outer.o
         2          0          0          0          0         68   use_no_semi.o

    ----------------------------------------------------------------------
       680         22          0          0        100        708   Library Totals
         4          0          0          0          4          0   (incl. Padding)

    ----------------------------------------------------------------------

      Code (inc. data)   RO Data    RW Data    ZI Data      Debug   Library Name

       676         22          0          0         96        708   c_p.l

    ----------------------------------------------------------------------
       680         22          0          0        100        708   Library Totals

    ----------------------------------------------------------------------

==============================================================================


      Code (inc. data)   RO Data    RW Data    ZI Data      Debug   

      8132        660        292         24       1208     180281   Grand Totals
      8132        660        292         24       1208     180281   ELF Image Totals
      8132        660        292         24          0          0   ROM Totals

==============================================================================

    Total RO  Size (Code + RO Data)                 8424 (   8.23kB)
    Total RW  Size (RW Data + ZI Data)              1232 (   1.20kB)
    Total ROM Size (Code + RO Data + RW Data)       8448 (   8.25kB)

==============================================================================

